---
source: src/geodetic.rs
expression: "Wgs84::new(Degrees::new(lat), Degrees::new(lon), Meters::new(alt)).unwrap()"
---
35.36190000000002°S, 138.728°W, 2294m
