---
source: src/geodetic.rs
expression: "Wgs84::new(Degrees::new(lat), Degrees::new(lon), Meters::new(alt)).unwrap()"
---
35.3619°N, 138.728°E, 2294m
