---
source: src/geodetic.rs
expression: "Wgs84::new(Degrees::new(lat), Degrees::new(lon), Meters::new(alt)).unwrap()"
---
0°N, 0°E, 0m
